---
source: e2e/tests/commands.rs
assertion_line: 15
expression: "fs::read_file(config_path).await"

---
"{\n  \"bind\": \"0.0.0.0:3000\",\n  \"server_bind\": \"__some_where__:3000\",\n  \"pac_bind\": null,\n  \"key\": \"__some_key__\",\n  \"encryption\": \"erp\",\n  \"proxy_white_list\": null,\n  \"force_dest_addr\": null,\n  \"udp_over_tcp\": false,\n  \"dns_server\": null,\n  \"tls\": false,\n  \"quic\": false,\n  \"quic_max_concurrency\": null,\n  \"tls_cert\": null\n}"
